// Jest Snapshot v1, https://goo.gl/fbAQLP

exports[`BpkThemeProvider should render correctly 1`] = `
<div>
  <p>
    Lorem Ipsum
  </p>
</div>
`;
